// Jest Snapshot v1, https://goo.gl/fbAQLP

exports[`SkillCell snapshot renders 1`] = `
Array [
  <div
    className="MuiBox-root MuiBox-root-2"
  >
    skills.Block
  </div>,
  <div
    className="MuiBox-root MuiBox-root-3"
  >
    skills.New_skill1, skills.New_skill2
  </div>,
]
`;
